2026-09-13 13:17:42,273 INFO app: PixForge logging started
2026-09-13 13:18:18,938 INFO app: PixForge logging started
2026-09-13 13:18:18,953 WARNING app.core.converter: Validation failed for photo.heic: File not found: photo.heic
2026-09-13 13:31:25,571 INFO app: PixForge logging started
2026-09-13 14:05:11,752 INFO app: PixForge logging started
2026-09-13 14:13:06,897 INFO app: PixForge logging started
2026-09-13 14:45:15,046 INFO app: PixForge logging started
2026-09-13 14:55:11,730 INFO app: PixForge logging started
2026-09-13 15:00:04,328 INFO app: PixForge logging started
2026-09-13 15:15:43,941 INFO app: PixForge logging started
2026-09-13 15:16:22,411 INFO app: PixForge logging started
2026-09-13 15:19:17,848 INFO app.core.converter: Converted C:\Users\Jian\Pictures\JPCS\Halubilo 2026\Afternoon Posting\Dionese Phone\IMG_4367.HEIC -> C:\Users\Jian\AppData\Local\Temp\pytest-of-Jian\pytest-17\test_settings_dialog_roundtrip0\IMG_4367.converted.jpg
2026-09-13 15:19:17,852 INFO app.core.converter: Converted C:\Users\Jian\Pictures\JPCS\Halubilo 2026\Afternoon Posting\Dionese Phone\IMG_4361.HEIC -> C:\Users\Jian\AppData\Local\Temp\pytest-of-Jian\pytest-17\test_settings_dialog_roundtrip0\IMG_4361.converted.jpg
2026-09-13 15:19:18,006 INFO app.core.converter: Converted C:\Users\Jian\Pictures\JPCS\Halubilo 2026\Afternoon Posting\Dionese Phone\IMG_4368.HEIC -> C:\Users\Jian\AppData\Local\Temp\pytest-of-Jian\pytest-17\test_settings_dialog_roundtrip0\IMG_4368.converted.jpg
2026-09-13 15:19:18,030 INFO app.core.converter: Converted C:\Users\Jian\Pictures\JPCS\Halubilo 2026\Afternoon Posting\Dionese Phone\IMG_4358.HEIC -> C:\Users\Jian\AppData\Local\Temp\pytest-of-Jian\pytest-17\test_settings_dialog_roundtrip0\IMG_4358.converted.jpg
2026-09-13 15:19:19,265 INFO app.core.converter: Converted C:\Users\Jian\Pictures\JPCS\Halubilo 2026\Afternoon Posting\Dionese Phone\IMG_4363.HEIC -> C:\Users\Jian\AppData\Local\Temp\pytest-of-Jian\pytest-17\test_settings_dialog_roundtrip0\IMG_4363.converted.jpg
2026-09-13 15:19:19,289 INFO app.core.converter: Converted C:\Users\Jian\Pictures\JPCS\Halubilo 2026\Afternoon Posting\Dionese Phone\IMG_4362.HEIC -> C:\Users\Jian\AppData\Local\Temp\pytest-of-Jian\pytest-17\test_settings_dialog_roundtrip0\IMG_4362.converted.jpg
2026-09-13 15:19:19,355 INFO app.core.converter: Converted C:\Users\Jian\Pictures\JPCS\Halubilo 2026\Afternoon Posting\Dionese Phone\IMG_4365.HEIC -> C:\Users\Jian\AppData\Local\Temp\pytest-of-Jian\pytest-17\test_settings_dialog_roundtrip0\IMG_4365.converted.jpg
2026-09-13 16:17:48 [INFO] main: Starting PixForge GUI...
2026-09-13 16:18:46 [INFO] app.ui.main_window: Added 5 files
2026-09-13 16:23:05 [INFO] main: Starting PixForge GUI...
2026-09-13 16:23:16 [INFO] app.ui.drop_zone: Dropped 5 paths from drop zone
2026-09-13 16:23:16 [INFO] app.ui.main_window: Added 5 files
2026-09-13 16:23:58 [INFO] app.ui.main_window: Added 5 files
2026-09-13 16:24:21 [INFO] main: Starting PixForge GUI...
2026-09-13 16:24:33 [INFO] app.ui.drop_zone: Dropped 5 paths from drop zone
2026-09-13 16:24:33 [INFO] app.ui.main_window: Added 5 files
2026-09-13 16:24:45 [INFO] main: Starting PixForge GUI...
2026-09-13 16:24:57 [INFO] app.ui.drop_zone: Dropped 6 paths from drop zone
2026-09-13 16:24:57 [INFO] app.ui.main_window: Added 6 files
